Script started on 2020-04-09 14:50:56-0700
halsink@cf405-10:~/csci241/lab-1-kassio-halsinger$ git pushcommit -m "product done"[3Padd SparseMatrix.javals[Kcd src/main/javals[Kgit add SparseMatrix.javacommit -m "product done"push[Kcommit -m "product done"[3Padd SparseMatrix.javals[Kcd src/main/javals[Kcd csci145-hw2-matricesls[Kgit add SparseMatrix.javaclone git@github.com:Andrew-Dunn21/csci145-hw2-matrices.git[C[C[C[C[C[C[C[C[C[C[C[C[C[C[C[C[C[C[C[C[C[C[C[C[C[C[C[C[C[C[C[C[C[C[C[C[C[C[C[C[C[C[C[C[C[C[C[C[C[C[C[C[C[C[C[38Padd SparseMatrix.javals[Kcd csci145-hw2-matricesls[Kcd src/main/javals[Kgit add SparseMatrix.javacommit -m "product done"push[K[Kgit clone git@github.com:csci241-20s/lab-1-kassio-halsinger.git
Cloning into 'lab-1-kassio-halsinger'...
Enter passphrase for key '/home/halsink/.ssh/id_rsa': 
remote: Enumerating objects: 22, done.[K
remote: Counting objects:   4% (1/22)[Kremote: Counting objects:   9% (2/22)[Kremote: Counting objects:  13% (3/22)[Kremote: Counting objects:  18% (4/22)[Kremote: Counting objects:  22% (5/22)[Kremote: Counting objects:  27% (6/22)[Kremote: Counting objects:  31% (7/22)[Kremote: Counting objects:  36% (8/22)[Kremote: Counting objects:  40% (9/22)[Kremote: Counting objects:  45% (10/22)[Kremote: Counting objects:  50% (11/22)[Kremote: Counting objects:  54% (12/22)[Kremote: Counting objects:  59% (13/22)[Kremote: Counting objects:  63% (14/22)[Kremote: Counting objects:  68% (15/22)[Kremote: Counting objects:  72% (16/22)[Kremote: Counting objects:  77% (17/22)[Kremote: Counting objects:  81% (18/22)[Kremote: Counting objects:  86% (19/22)[Kremote: Counting objects:  90% (20/22)[Kremote: Counting objects:  95% (21/22)[Kremote: Counting objects: 100% (22/22)[Kremote: Counting objects: 100% (22/22), done.[K
remote: Compressing objects:   8% (1/12)[Kremote: Compressing objects:  16% (2/12)[Kremote: Compressing objects:  25% (3/12)[Kremote: Compressing objects:  33% (4/12)[Kremote: Compressing objects:  41% (5/12)[Kremote: Compressing objects:  50% (6/12)[Kremote: Compressing objects:  58% (7/12)[Kremote: Compressing objects:  66% (8/12)[Kremote: Compressing objects:  75% (9/12)[Kremote: Compressing objects:  83% (10/12)[Kremote: Compressing objects:  91% (11/12)[Kremote: Compressing objects: 100% (12/12)[Kremote: Compressing objects: 100% (12/12), done.[K
remote: Total 22 (delta 5), reused 8 (delta 2), pack-reused 0[K
Receiving objects:   4% (1/22)   Receiving objects:   9% (2/22)   Receiving objects:  13% (3/22)   Receiving objects:  18% (4/22)   Receiving objects:  22% (5/22)   Receiving objects:  27% (6/22)   Receiving objects:  31% (7/22)   Receiving objects:  36% (8/22)   Receiving objects:  40% (9/22)   Receiving objects:  45% (10/22)   Receiving objects:  50% (11/22)   Receiving objects:  54% (12/22)   Receiving objects:  59% (13/22)   Receiving objects:  63% (14/22)   Receiving objects:  68% (15/22)   Receiving objects:  72% (16/22)   Receiving objects:  77% (17/22)   Receiving objects:  81% (18/22)   Receiving objects:  86% (19/22)   Receiving objects:  90% (20/22)   Receiving objects:  95% (21/22)   Receiving objects: 100% (22/22)   Receiving objects: 100% (22/22), done.
Resolving deltas:   0% (0/5)   Resolving deltas:  20% (1/5)   Resolving deltas: 100% (5/5)   Resolving deltas: 100% (5/5), done.
halsink@cf405-10:~/csci241/lab-1-kassio-halsinger$ git clone git@github.com:csci241-20s/lab-1-kassio-halsinger.git[C[C[C[C[C[C[C[C[C[C[C[C[C[C[C[C[C[C[C[C[C[C[C[C[C[C[C[C[C[C[C[C[C[C[C[C[C[C[C[C[C[C[C[C[C[C[C[C[C[C[C[C[C[C[Cpush[Kcommit -m "product done"[3Padd SparseMatrix.javals[Kcd src/main/javals[Kcd csci145-hw2-matricesls[Kgit add SparseMatrix.javaclone git@github.com:Andrew-Dunn21/csci145-hw2-matrices.git[C[C[C[C[C[C[C[C[C[C[C[C[C[C[C[C[C[C[C[C[C[C[C[C[C[C[C[C[C[C[C[C[C[C[C[C[C[C[C[C[C[C[C[C[C[C[C[C[C[C[Cls[Kcd csci145ls[Kcd ~git pullstash[1Ppushcommit -m "product done"[3Padd SparseMatrix.java[12Pjava TestMainc SparseMatrix.java[10P TestMainc SparseMatrix.java[10P TestMainc TestMain.java[6P TestMainc SparseMatrix.java[10P TestMainc TestMain.java[6P TestMainc SparseMatrix.java[10P TestMainc SparseMatrix.java[10P TestMaingit add SparseMatrix.javacommit -m "product done"push[Kstash[1Ppull[4Pcd ~[2Plscd csci145ls[Kgit clone git@github.com:Andrew-Dunn21/csci145-hw2-matrices.git[C[C[C[C[C[C[C[C[C[C[C[C[C[C[C[C[C[C[C[C[C[C[C[C[C[C[C[C[C[C[C[C[C[C[C[C[C[C[C[C[C[C[C[C[C[C[C[C[C[C[C[C[C[C[C[38Padd SparseMatrix.javals[Kcd csci145-hw2-matricesls[Kcd src/main/javals[Kgit add SparseMatrix.javacommit -m "product done"push[Kclone git@github.com:csci241-20s/lab-1-kassio-halsinger.git[C[C[C[C[C[C[C[C[C[C[C[C[C[C[C[C[C[C[C[C[C[C[C[C[C[C[C[C[C[C[C[C[C[C[C[C[C[C[C[C[C[C[C[C[C[C[C[C[C[C[C[Kgit clone git@github.com:csci241-20s/lab-1-kassio-halsinger.git[C[C[C[C[C[C[C[C[C[C[C[C[C[C[C[C[C[C[C[C[C[C[C[C[C[C[C[C[C[C[C[C[C[C[C[C[C[C[C[C[C[C[C[C[C[C[C[C[C[C[C[C[C[C[Cpush[Kcommit -m "product done"[3Padd SparseMatrix.javals[Kcd src/main/javals[Kcd csci145-hw2-matricesls[Kgit add SparseMatrix.javaclone git@github.com:Andrew-Dunn21/csci145-hw2-matrices.git[C[C[C[C[C[C[C[C[C[C[C[C[C[C[C[C[C[C[C[C[C[C[C[C[C[C[C[C[C[C[C[C[C[C[C[C[C[C[C[C[C[C[C[C[C[C[C[C[C[C[Cls[Kcd csci145ls[Kgit clone git@github.com:Andrew-Dunn21/csci145-hw2-matrices.git[C[C[C[C[C[C[C[C[C[C[C[C[C[C[C[C[C[C[C[C[C[C[C[C[C[C[C[C[C[C[C[C[C[C[C[C[C[C[C[C[C[C[C[C[C[C[C[C[C[C[C[C[C[C[C[38Padd SparseMatrix.javals[Kcd csci145-hw2-matricesls[Kcd src/main/javals[Kgit add SparseMatrix.javacommit -m "product done"push[Kclone git@github.com:csci241-20s/lab-1-kassio-halsinger.git[C[C[C[C[C[C[C[C[C[C[C[C[C[C[C[C[C[C[C[C[C[C[C[C[C[C[C[C[C[C[C[C[C[C[C[C[C[C[C[C[C[C[C[C[C[C[C[C[C[C[C[Kgit config --global user.nae[Kme "kassio[K[K[K[K[K[KKassio Halsinger"
halsink@cf405-10:~/csci241/lab-1-kassio-halsinger$ git config -- [Kglobal user.mei[Kaiol[K[K[K[K[K[Kemail su[K[Kuser[K[K[K[Khalsink@wwu.edu
halsink@cf405-10:~/csci241/lab-1-kassio-halsinger$ tou[K[K[Kls
build.gradle  lab-1-kassio-halsinger  settings.gradle  src  typescript	writeup.txt
halsink@cf405-10:~/csci241/lab-1-kassio-halsinger$ g[Kgit add writeup.txt
halsink@cf405-10:~/csci241/lab-1-kassio-halsinger$ git commit -0[Km "a[KAdded empty writeup"
On branch master
Your branch is ahead of 'origin/master' by 1 commit.
  (use "git push" to publish your local commits)

Untracked files:
	[31mlab-1-kassio-halsinger/[m
	[31mtypescript[m

nothing added to commit but untracked files present
halsink@cf405-10:~/csci241/lab-1-kassio-halsinger$ git push
Enter passphrase for key '/home/halsink/.ssh/id_rsa': 
Counting objects: 2, done.
Delta compression using up to 8 threads.
Compressing objects:  50% (1/2)   Compressing objects: 100% (2/2)   Compressing objects: 100% (2/2), done.
Writing objects:  50% (1/2)   Writing objects: 100% (2/2)   Writing objects: 100% (2/2), 255 bytes | 255.00 KiB/s, done.
Total 2 (delta 1), reused 0 (delta 0)
remote: Resolving deltas:   0% (0/1)[Kremote: Resolving deltas: 100% (1/1)[Kremote: Resolving deltas: 100% (1/1), completed with 1 local object.[K
To github.com:csci241-20s/lab-1-kassio-halsinger.git
   c7f6fa1..1f6258c  master -> master
halsink@cf405-10:~/csci241/lab-1-kassio-halsinger$ nano writeup,.txt[K[K[K[K[K.trxt[K[K[Kxt
[?1049h[22;0;0t[1;30r(B[m[4l[?7h[39;49m[?1h=[?1h=[?1h=[?25l[39;49m(B[m[H[2J[28;53H(B[0;7m[ Reading File ](B[m[28;59H(B[0;7m 0 lines ](B[m[H(B[0;7m  GNU nano 2.9.3                                         writeup.txt                                                    [1;119H(B[m[29d(B[0;7m^G(B[m Get Help    (B[0;7m^O(B[m Write Out   (B[0;7m^W(B[m Where Is    (B[0;7m^K(B[m Cut Text    (B[0;7m^J(B[m Justify     (B[0;7m^C(B[m Cur Pos     (B[0;7mM-U(B[m Undo[106G(B[0;7mM-A(B[m Mark Text[30d(B[0;7m^X(B[m Exit[30;16H(B[0;7m^R(B[m Read File   (B[0;7m^\(B[m Replace     (B[0;7m^U(B[m Uncut Text  (B[0;7m^T(B[m To Spell    (B[0;7m^_(B[m Go To Line  (B[0;7mM-E(B[m Redo[106G(B[0;7mM-6(B[m Copy Text[28d[3d[39;49m(B[m[?12l[?25h[?25l[1;111H(B[0;7mModified(B[m[3d1[?12l[?25h[?25l)[?12l[?25h[?25l [?12l[?25h[?25lK[?12l[?25h[?25la[?12l[?25h[?25ls[?12l[?25h[?25ls[?12l[?25h[?25li[?12l[?25h[?25lo[?12l[?25h[?25l [?12l[?25h[?25lH[?12l[?25h[?25la[?12l[?25h[?25ll[?12l[?25h[?25ls[?12l[?25h[?25li[?12l[?25h[?25ln[?12l[?25h[?25lg[?12l[?25h[?25le[?12l[?25h[?25lr[?12l[?25h[?25l[28d(B[0;7mSave modified buffer?  (Answering "No" will DISCARD changes.)                                                           [29;1H Y(B[m Yes[K[30d(B[0;7m N(B[m No  [30;16H (B[0;7m^C(B[m Cancel[K[28;63H[?12l[?25h[?25l[29d(B[0;7m^G(B[m Get Help[29;31H(B[0;7mM-D(B[m DOS Format[29;61H(B[0;7mM-A(B[m Append[29;91H(B[0;7mM-B(B[m Backup File[30d(B[0;7m^C(B[m Cancel[17G[14X[30;31H(B[0;7mM-M(B[m Mac Format[30;61H(B[0;7mM-P(B[m Prepend[30;91H(B[0;7m^T(B[m To Files[28d(B[0;7mFile Name to Write: writeup.txt                              (B[m[28;32H[?12l[?25h[?25l[K[1;119H[1;111H(B[0;7m        (B[m[28;53H(B[0;7m[ Wrote 1 line ](B[m[J[30;120H[?12l[?25h[30;1H[?1049l[23;0;0t[?1l>halsink@cf405-10:~/csci241/lab-1-kassio-halsinger$ git add writeup.txt
halsink@cf405-10:~/csci241/lab-1-kassio-halsinger$ git commit -m "Added p[art1[K [K[K[K[K[Kart 1 (names to[K[K[K[Ks) to wrte[K[K[Kriteup"
[master 1e183ad] Added part 1 (names) to writeup
 1 file changed, 1 insertion(+)
halsink@cf405-10:~/csci241/lab-1-kassio-halsinger$ git c[K[K[K[K[Kgit status
On branch master
Your branch is ahead of 'origin/master' by 1 commit.
  (use "git push" to publish your local commits)

Untracked files:
  (use "git add <file>..." to include in what will be committed)

	[31mlab-1-kassio-halsinger/[m
	[31mtypescript[m

nothing added to commit but untracked files present (use "git add" to track)
halsink@cf405-10:~/csci241/lab-1-kassio-halsinger$ nano writeup.txt
[?1049h[22;0;0t[1;30r(B[m[4l[?7h[39;49m[?1h=[?1h=[?1h=[?25l[39;49m(B[m[H[2J[28;53H(B[0;7m[ Reading File ](B[m[28;59H(B[0;7m 1 line ](B[m[K[H(B[0;7m  GNU nano 2.9.3                                         writeup.txt                                                    [1;119H(B[m[29d(B[0;7m^G(B[m Get Help    (B[0;7m^O(B[m Write Out   (B[0;7m^W(B[m Where Is    (B[0;7m^K(B[m Cut Text    (B[0;7m^J(B[m Justify     (B[0;7m^C(B[m Cur Pos     (B[0;7mM-U(B[m Undo[106G(B[0;7mM-A(B[m Mark Text[30d(B[0;7m^X(B[m Exit[30;16H(B[0;7m^R(B[m Read File   (B[0;7m^\(B[m Replace     (B[0;7m^U(B[m Uncut Text  (B[0;7m^T(B[m To Spell    (B[0;7m^_(B[m Go To Line  (B[0;7mM-E(B[m Redo[106G(B[0;7mM-6(B[m Copy Text[28d[3d[39;49m(B[m1) Kassio Halsinger[?12l[?25h[?25l[4d[?12l[?25h[?25l[1;111H(B[0;7mModified(B[m[4d2[?12l[?25h[?25l)[?12l[?25h[?25l [?12l[?25h[?25lH[?12l[?25h[?25lo[?12l[?25h[?25lb[?12l[?25h[?25lb[?12l[?25h[?25ly[?12l[?25h[?25l:[?12l[?25h[?25l [?12l[?25h[?25lp[?12l[?25h[?25l [?12l[?25h[?25ll[?12l[?25h[?25l [?12l[?25h[?25lp[?12l[?25h[?25ll[?12l[?25h[?25la[?12l[?25h[?25ly[?12l[?25h[?25li[?12l[?25h[?25ln[?12l[?25h[?25lg[?12l[?25h[?25l [?12l[?25h[?25lc[?12l[?25h[?25la[?12l[?25h[?25lr[28d[K[4;22H[?12l[?25h[?25ld[?12l[?25h[?25l [?12l[?25h[?25lg[?12l[?25h[?25la[?12l[?25h[?25lm[?12l[?25h[?25le[?12l[?25h[?25ls[?12l[?25h[?25l[28d(B[0;7mSave modified buffer?  (Answering "No" will DISCARD changes.)                                                           [29;1H Y(B[m Yes[K[30d(B[0;7m N(B[m No  [30;16H (B[0;7m^C(B[m Cancel[K[28;63H[?12l[?25h[?25l[29d(B[0;7m^G(B[m Get Help[29;31H(B[0;7mM-D(B[m DOS Format[29;61H(B[0;7mM-A(B[m Append[29;91H(B[0;7mM-B(B[m Backup File[30d(B[0;7m^C(B[m Cancel[17G[14X[30;31H(B[0;7mM-M(B[m Mac Format[30;61H(B[0;7mM-P(B[m Prepend[30;91H(B[0;7m^T(B[m To Files[28d(B[0;7mFile Name to Write: writeup.txt                              (B[m[28;32H[?12l[?25h[?25l[K[1;119H[1;111H(B[0;7m        (B[m[28;52H(B[0;7m[ Wrote 2 lines ](B[m[J[30;120H[?12l[?25h[30;1H[?1049l[23;0;0t[?1l>halsink@cf405-10:~/csci241/lab-1-kassio-halsinger$ git status
On branch master
Your branch is ahead of 'origin/master' by 1 commit.
  (use "git push" to publish your local commits)

Changes not staged for commit:
  (use "git add <file>..." to update what will be committed)
  (use "git checkout -- <file>..." to discard changes in working directory)

	[31mmodified:   writeup.txt[m

Untracked files:
  (use "git add <file>..." to include in what will be committed)

	[31mlab-1-kassio-halsinger/[m
	[31mtypescript[m

no changes added to commit (use "git add" and/or "git commit -a")
halsink@cf405-10:~/csci241/lab-1-kassio-halsinger$ git add[K[K[K[K[K[Kit add writeup.txt
halsink@cf405-10:~/csci241/lab-1-kassio-halsinger$ git status\
> ^C
halsink@cf405-10:~/csci241/lab-1-kassio-halsinger$ git status
On branch master
Your branch is ahead of 'origin/master' by 1 commit.
  (use "git push" to publish your local commits)

Changes to be committed:
  (use "git reset HEAD <file>..." to unstage)

	[32mmodified:   writeup.txt[m

Untracked files:
  (use "git add <file>..." to include in what will be committed)

	[31mlab-1-kassio-halsinger/[m
	[31mtypescript[m

halsink@cf405-10:~/csci241/lab-1-kassio-halsinger$ git commiit[K[Kt -m "Added part t2[K[K2 (hobby) to t[Kwriteup"
[master a945b85] Added part 2 (hobby) to writeup
 1 file changed, 1 insertion(+)
halsink@cf405-10:~/csci241/lab-1-kassio-halsinger$ git co mm[K[K[Kmmit
On branch master
Your branch is ahead of 'origin/master' by 2 commits.
  (use "git push" to publish your local commits)

Untracked files:
	[31mlab-1-kassio-halsinger/[m
	[31mtypescript[m

nothing added to commit but untracked files present
halsink@cf405-10:~/csci241/lab-1-kassio-halsinger$ git status
On branch master
Your branch is ahead of 'origin/master' by 2 commits.
  (use "git push" to publish your local commits)

Untracked files:
  (use "git add <file>..." to include in what will be committed)

	[31mlab-1-kassio-halsinger/[m
	[31mtypescript[m

nothing added to commit but untracked files present (use "git add" to track)
halsink@cf405-10:~/csci241/lab-1-kassio-halsinger$ git add[K[K[Kpush
Enter passphrase for key '/home/halsink/.ssh/id_rsa': 
Counting objects: 6, done.
Delta compression using up to 8 threads.
Compressing objects:  33% (1/3)   Compressing objects:  66% (2/3)   Compressing objects: 100% (3/3)   Compressing objects: 100% (3/3), done.
Writing objects:  16% (1/6)   Writing objects:  33% (2/6)   Writing objects:  50% (3/6)   Writing objects:  66% (4/6)   Writing objects:  83% (5/6)   Writing objects: 100% (6/6)   Writing objects: 100% (6/6), 581 bytes | 581.00 KiB/s, done.
Total 6 (delta 2), reused 2 (delta 1)
remote: Resolving deltas:   0% (0/2)[Kremote: Resolving deltas: 100% (2/2)[Kremote: Resolving deltas: 100% (2/2), completed with 1 local object.[K
git   To github.com:csci241-20s/lab-1-kassio-halsinger.git
   1f6258c..a945b85  master -> master
halsink@cf405-10:~/csci241/lab-1-kassio-halsinger$ git status
On branch master
Your branch is up to date with 'origin/master'.

Untracked files:
  (use "git add <file>..." to include in what will be committed)

	[31mlab-1-kassio-halsinger/[m
	[31mtypescript[m

nothing added to commit but untracked files present (use "git add" to track)
halsink@cf405-10:~/csci241/lab-1-kassio-halsinger$ touch username.txt
halsink@cf405-10:~/csci241/lab-1-kassio-halsinger$ nano username.txt
[?1049h[22;0;0t[1;30r(B[m[4l[?7h[39;49m[?1h=[?1h=[?1h=[?25l[39;49m(B[m[H[2J[28;53H(B[0;7m[ Reading File ](B[m[28;59H(B[0;7m 0 lines ](B[m[H(B[0;7m  GNU nano 2.9.3                                         username.txt                                                   [1;119H(B[m[29d(B[0;7m^G(B[m Get Help    (B[0;7m^O(B[m Write Out   (B[0;7m^W(B[m Where Is    (B[0;7m^K(B[m Cut Text    (B[0;7m^J(B[m Justify     (B[0;7m^C(B[m Cur Pos     (B[0;7mM-U(B[m Undo[106G(B[0;7mM-A(B[m Mark Text[30d(B[0;7m^X(B[m Exit[30;16H(B[0;7m^R(B[m Read File   (B[0;7m^\(B[m Replace     (B[0;7m^U(B[m Uncut Text  (B[0;7m^T(B[m To Spell    (B[0;7m^_(B[m Go To Line  (B[0;7mM-E(B[m Redo[106G(B[0;7mM-6(B[m Copy Text[28d[3d[39;49m(B[m[?12l[?25h[?25l[1;111H(B[0;7mModified(B[m[3dK[?12l[?25h[?25la[?12l[?25h[?25ls[?12l[?25h[?25ls[?12l[?25h[?25li[?12l[?25h[?25lo[?12l[?25h[?25l [?12l[?25h[?25lH[?12l[?25h[?25la[?12l[?25h[?25ll[?12l[?25h[?25ls[?12l[?25h[?25li[?12l[?25h[?25ln[?12l[?25h[?25lg[?12l[?25h[?25le[?12l[?25h[?25lr[?12l[?25h[?25l,[?12l[?25h[?25lh[?12l[?25h[?25la[?12l[?25h[?25ll[?12l[?25h[?25ls[?12l[?25h[?25li[?12l[?25h[?25ln[?12l[?25h[?25lk[?12l[?25h[?25l,[?12l[?25h[?25lk[28d[K[3;27H[?12l[?25h[?25la[?12l[?25h[?25ls[?12l[?25h[?25ls[?12l[?25h[?25li[?12l[?25h[?25lo[?12l[?25h[?25l0[?12l[?25h[?25lh[?12l[?25h[?25l [?12l[?25h[?25l [?12l[?25h[?25l-[?12l[?25h[?25lh[?12l[?25h[?25la[?12l[?25h[?25ll[?12l[?25h[?25ls[?12l[?25h[?25li[?12l[?25h[?25ln[?12l[?25h[?25lg[?12l[?25h[?25le[?12l[?25h[?25lr[?12l[?25h[?25l[28d(B[0;7mSave modified buffer?  (Answering "No" will DISCARD changes.)                                                           [29;1H Y(B[m Yes[K[30d(B[0;7m N(B[m No  [30;16H (B[0;7m^C(B[m Cancel[K[28;63H[?12l[?25h[?25l[29d(B[0;7m^G(B[m Get Help[29;31H(B[0;7mM-D(B[m DOS Format[29;61H(B[0;7mM-A(B[m Append[29;91H(B[0;7mM-B(B[m Backup File[30d(B[0;7m^C(B[m Cancel[17G[14X[30;31H(B[0;7mM-M(B[m Mac Format[30;61H(B[0;7mM-P(B[m Prepend[30;91H(B[0;7m^T(B[m To Files[28d(B[0;7mFile Name to Write: username.txt                             (B[m[28;33H[?12l[?25h[?25l[K[1;119H[1;111H(B[0;7m        (B[m[28;53H(B[0;7m[ Wrote 1 line ](B[m[J[30;120H[?12l[?25h[30;1H[?1049l[23;0;0t[?1l>halsink@cf405-10:~/csci241/lab-1-kassio-halsinger$ git add username.txt
halsink@cf405-10:~/csci241/lab-1-kassio-halsinger$ git commit 0-[K[K0m [K[K[K-m "ad[K[KAdded username.txt"
[master d819551] Added username.txt
 1 file changed, 1 insertion(+)
 create mode 100644 username.txt
halsink@cf405-10:~/csci241/lab-1-kassio-halsinger$ gut[K[K[Kgit checkout
Your branch is ahead of 'origin/master' by 1 commit.
  (use "git push" to publish your local commits)
halsink@cf405-10:~/csci241/lab-1-kassio-halsinger$ git reset[K[K[K[K[K[K[K[K[Kgit push
Enter passphrase for key '/home/halsink/.ssh/id_rsa': 
Counting objects: 3, done.
Delta compression using up to 8 threads.
Compressing objects:  50% (1/2)   Compressing objects: 100% (2/2)   Compressing objects: 100% (2/2), done.
Writing objects:  33% (1/3)   Writing objects:  66% (2/3)   Writing objects: 100% (3/3)   Writing objects: 100% (3/3), 308 bytes | 154.00 KiB/s, done.
Total 3 (delta 1), reused 0 (delta 0)
remote: Resolving deltas:   0% (0/1)[Kremote: Resolving deltas: 100% (1/1)[Kremote: Resolving deltas: 100% (1/1), completed with 1 local object.[K
git r     To github.com:csci241-20s/lab-1-kassio-halsinger.git
   a945b85..d819551  master -> master
halsink@cf405-10:~/csci241/lab-1-kassio-halsinger$ 
halsink@cf405-10:~/csci241/lab-1-kassio-halsinger$ git reset
halsink@cf405-10:~/csci241/lab-1-kassio-halsinger$ git checkout
Your branch is up to date with 'origin/master'.
halsink@cf405-10:~/csci241/lab-1-kassio-halsinger$ git mv[K[K[K[K[K[Ktouch dumm1.[K[Ky.1[K[K1.txt
halsink@cf405-10:~/csci241/lab-1-kassio-halsinger$ git[K[K[Kgit mv dumm1.txt[K[K[K[K[Ky1.txt dummy2.txt
fatal: not under version control, source=dummy1.txt, destination=dummy2.txt
halsink@cf405-10:~/csci241/lab-1-kassio-halsinger$ ls
build.gradle  dummy1.txt  lab-1-kassio-halsinger  settings.gradle  src	typescript  username.txt  writeup.txt
halsink@cf405-10:~/csci241/lab-1-kassio-halsinger$ vd[K[Kgit add summy[K[K[K[K[K[K dummy1.txt
halsink@cf405-10:~/csci241/lab-1-kassio-halsinger$ git comimty[K[K[K[K[K[K[K[K[K[K[Kmv git[K[K[K[K[K[Kgit c[Kmv dumm1.[K[Kt1[K[Ky1.txt
usage: git mv [<options>] <source>... <destination>

    -v, --verbose         be verbose
    -n, --dry-run         dry run
    -f, --force           force move/rename even if target exists
    -k                    skip move/rename errors

halsink@cf405-10:~/csci241/lab-1-kassio-halsinger$ git mv dummy1.txt dummy2.txt
halsink@cf405-10:~/csci241/lab-1-kassio-halsinger$ ls
build.gradle  dummy2.txt  lab-1-kassio-halsinger  settings.gradle  src	typescript  username.txt  writeup.txt
halsink@cf405-10:~/csci241/lab-1-kassio-halsinger$ git rm dummy2.txt
error: the following file has changes staged in the index:
    dummy2.txt
(use --cached to keep the file, or -f to force removal)
halsink@cf405-10:~/csci241/lab-1-kassio-halsinger$ git reset[K[K[K[K[K[K[K[K[Kgit rm dummy2.txt[C dummy2.txt[C[C dummy2.txt[1@-[1@f
rm 'dummy2.txt'
halsink@cf405-10:~/csci241/lab-1-kassio-halsinger$ ls
build.gradle  lab-1-kassio-halsinger  settings.gradle  src  typescript	username.txt  writeup.txt
halsink@cf405-10:~/csci241/lab-1-kassio-halsinger$ git blame
usage: git blame [<options>] [<rev-opts>] [<rev>] [--] <file>

    <rev-opts> are documented in git-rev-list(1)

    --incremental         Show blame entries as we find them, incrementally
    -b                    Show blank SHA-1 for boundary commits (Default: off)
    --root                Do not treat root commits as boundaries (Default: off)
    --show-stats          Show work cost statistics
    --progress            Force progress reporting
    --score-debug         Show output score for blame entries
    -f, --show-name       Show original filename (Default: auto)
    -n, --show-number     Show original linenumber (Default: off)
    -p, --porcelain       Show in a format designed for machine consumption
    --line-porcelain      Show porcelain format with per-line commit information
    -c                    Use the same output mode as git-annotate (Default: off)
    -t                    Show raw timestamp (Default: off)
    -l                    Show long commit SHA1 (Default: off)
    -s                    Suppress author name and timestamp (Default: off)
    -e, --show-email      Show author email instead of name (Default: off)
    -w                    Ignore whitespace differences
    --indent-heuristic    Use an experimental heuristic to improve diffs
    --minimal             Spend extra cycles to find better match
    -S <file>             Use revisions from <file> instead of calling git-rev-list
    --contents <file>     Use <file>'s contents as the final image
    -C[<score>]           Find line copies within and across files
    -M[<score>]           Find line movements within and across files
    -L <n,m>              Process only line range n,m, counting from 1
    --abbrev[=<n>]        use <n> digits to display SHA-1s

halsink@cf405-10:~/csci241/lab-1-kassio-halsinger$ git blame username.jt[K[Ktxt
[?1h=d8195517 (Kassio Halsinger 2020-04-09 15:04:00 -0700 1) Kassio Halsinger,halsink,kassio-halsinger[m
[K[?1l>halsink@cf405-10:~/csci241/lab-1-kassio-halsinger$ git log
[?1h=[33mcommit d819551775e20b1acd339be7f867f5ca0d9178f4[m[33m ([m[1;36mHEAD -> [m[1;32mmaster[m[33m, [m[1;31morigin/master[m[33m, [m[1;31morigin/HEAD[m[33m)[m[m
Author: Kassio Halsinger <halsink@wwu.edu>[m
Date:   Thu Apr 9 15:04:00 2020 -0700[m
[m
    Added username.txt[m
[m
[33mcommit a945b85aac01cea68f545ddd536ef4469b9da668[m[m
Author: Kassio Halsinger <halsink@wwu.edu>[m
Date:   Thu Apr 9 15:02:12 2020 -0700[m
[m
    Added part 2 (hobby) to writeup[m
[m
[33mcommit 1e183ad6ed0abf0fd8ce678c24272e846ba6d1f8[m[m
Author: Kassio Halsinger <halsink@wwu.edu>[m
Date:   Thu Apr 9 14:56:39 2020 -0700[m
[m
    Added part 1 (names) to writeup[m
[m
[33mcommit 1f6258c3195b3df10a57205aa366b50c94319cdf[m[m
Author: Kassio Halsinger <halsink@wwu.edu>[m
Date:   Thu Apr 9 14:50:27 2020 -0700[m
[m
    Added empty writeup[m
[m
[33mcommit c7f6fa1d114d0fca84d533042c9a2c758a1960f6[m[m
Author: Kassio Halsinger <halsink@wwu.edu>[m
Date:   Thu Apr 9 12:07:06 2020 -0700[m
[m
    Added part 2 (hobby) to writeup[m
:[K[K:[K[K[m
:[K[K [KESCESC[KOO[KAA[K[HM[33mcommit d819551775e20b1acd339be7f867f5ca0d9178f4[m[33m ([m[1;36mHEAD -> [m[1;32mmaster[m[33m, [m[1;31morigin/master[m[33m, [m[1;31morigin/HEAD[m[33m)[m[m
[30;1H[K:[K[K [KESCESC[KOO[KAA[K[K:[K[K [KESCESC[KOO[KBB[K[m
:[K[K [KESCESC[KOO[KAA[K[HM[33mcommit d819551775e20b1acd339be7f867f5ca0d9178f4[m[33m ([m[1;36mHEAD -> [m[1;32mmaster[m[33m, [m[1;31morigin/master[m[33m, [m[1;31morigin/HEAD[m[33m)[m[m
[30;1H[K:[K[K:[K[K[?1l>
[1]+  Stopped                 git log
halsink@cf405-10:~/csci241/lab-1-kassio-halsinger$ git diff
[?1h=[K[?1l>halsink@cf405-10:~/csci241/lab-1-kassio-halsinger$ git diff writeup.txt
[?1h=[K[?1l>halsink@cf405-10:~/csci241/lab-1-kassio-halsinger$ git diff writeup.txt [K[K[K[K[K[K[K[K[K[K[K[K[K[K[K[K[K[K[K[K[Kls[K[Kls
build.gradle  lab-1-kassio-halsinger  settings.gradle  src  typescript	username.txt  writeup.txt
halsink@cf405-10:~/csci241/lab-1-kassio-halsinger$ git checkout -b question3
Switched to a new branch 'question3'
halsink@cf405-10:~/csci241/lab-1-kassio-halsinger$ ls
build.gradle  lab-1-kassio-halsinger  settings.gradle  src  typescript	username.txt  writeup.txt
halsink@cf405-10:~/csci241/lab-1-kassio-halsinger$ nano writeup.txt
[?1049h[22;0;0t[1;30r(B[m[4l[?7h[39;49m[?1h=[?1h=[?1h=[?25l[39;49m(B[m[H[2J[28;53H(B[0;7m[ Reading File ](B[m[28;59H(B[0;7m 2 lines ](B[m[H(B[0;7m  GNU nano 2.9.3                                         writeup.txt                                                    [1;119H(B[m[29d(B[0;7m^G(B[m Get Help    (B[0;7m^O(B[m Write Out   (B[0;7m^W(B[m Where Is    (B[0;7m^K(B[m Cut Text    (B[0;7m^J(B[m Justify     (B[0;7m^C(B[m Cur Pos     (B[0;7mM-U(B[m Undo[106G(B[0;7mM-A(B[m Mark Text[30d(B[0;7m^X(B[m Exit[30;16H(B[0;7m^R(B[m Read File   (B[0;7m^\(B[m Replace     (B[0;7m^U(B[m Uncut Text  (B[0;7m^T(B[m To Spell    (B[0;7m^_(B[m Go To Line  (B[0;7mM-E(B[m Redo[106G(B[0;7mM-6(B[m Copy Text[28d[3d[39;49m(B[m1) Kassio Halsinger[4d2) Hobby: playing card games[A[?12l[?25h[?25l[4d[?12l[?25h[?25l[5d[?12l[?25h[?25l[?12l[?25h[?25l[1;111H(B[0;7mModified(B[m[5d3[?12l[?25h[?25l)[?12l[?25h[?25l [?12l[?25h[?25lF[?12l[?25h[?25la[?12l[?25h[?25lv[?12l[?25h[?25lo[?12l[?25h[?25lr[?12l[?25h[?25li[?12l[?25h[?25lt[?12l[?25h[?25le[?12l[?25h[?25l [?12l[?25h[?25ls[?12l[?25h[?25lo[?12l[?25h[?25ln[?12l[?25h[?25lg[?12l[?25h[?25l:[?12l[?25h[?25l [?12l[?25h[?25lT[?12l[?25h[?25li[?12l[?25h[?25lm[?12l[?25h[?25le[?12l[?25h[?25l[28d[K[5;24H[?12l[?25h[?25lA[?12l[?25h[?25ll[?12l[?25h[?25lo[?12l[?25h[?25ln[?12l[?25h[?25le[?12l[?25h[?25l [?12l[?25h[?25lw[?12l[?25h[?25li[?12l[?25h[?25lt[?12l[?25h[?25lh[?12l[?25h[?25l [?12l[?25h[?25lY[?12l[?25h[?25lo[?12l[?25h[?25lu[?12l[?25h[?25l [?12l[?25h[?25lb[?12l[?25h[?25ly[?12l[?25h[?25l [?12l[?25h[?25lJ[?12l[?25h[?25la[?12l[?25h[?25lc[?12l[?25h[?25lo[?12l[?25h[?25lhb[?12l[?25h[?25l [?12l[?25h[?25l [?12l[?25h[?25l [?12l[?25h[?25lo[?12l[?25h[?25lb[?12l[?25h[?25l [?12l[?25h[?25lC[?12l[?25h[?25lo[?12l[?25h[?25ll[?12l[?25h[?25ll[?12l[?25h[?25li[?12l[?25h[?25le[?12l[?25h[?25lr[?12l[?25h[?25l[28d(B[0;7mSave modified buffer?  (Answering "No" will DISCARD changes.)                                                           [29;1H Y(B[m Yes[K[30d(B[0;7m N(B[m No  [30;16H (B[0;7m^C(B[m Cancel[K[28;63H[?12l[?25h[?25l[29d(B[0;7m^G(B[m Get Help[29;31H(B[0;7mM-D(B[m DOS Format[29;61H(B[0;7mM-A(B[m Append[29;91H(B[0;7mM-B(B[m Backup File[30d(B[0;7m^C(B[m Cancel[17G[14X[30;31H(B[0;7mM-M(B[m Mac Format[30;61H(B[0;7mM-P(B[m Prepend[30;91H(B[0;7m^T(B[m To Files[28d(B[0;7mFile Name to Write: writeup.txt                              (B[m[28;32H[?12l[?25h[?25l[K[1;119H[1;111H(B[0;7m        (B[m[28;52H(B[0;7m[ Wrote 3 lines ](B[m[J[30;120H[?12l[?25h[30;1H[?1049l[23;0;0t[?1l>halsink@cf405-10:~/csci241/lab-1-kassio-halsinger$ git add writeup.txt
halsink@cf405-10:~/csci241/lab-1-kassio-halsinger$ git commit 0-[K[K0m[K[K-m "Added part 3 (song) to writeup"
[question3 145ee64] Added part 3 (song) to writeup
 1 file changed, 1 insertion(+)
halsink@cf405-10:~/csci241/lab-1-kassio-halsinger$ git checkout master
Switched to branch 'master'
Your branch is up to date with 'origin/master'.
halsink@cf405-10:~/csci241/lab-1-kassio-halsinger$ git merge question3
Updating d819551..145ee64
Fast-forward
 writeup.txt | 1 [32m+[m
 1 file changed, 1 insertion(+)
halsink@cf405-10:~/csci241/lab-1-kassio-halsinger$ git push[K[K[K[K[K[K[K[Kgit push
Enter passphrase for key '/home/halsink/.ssh/id_rsa': 
Counting objects: 3, done.
Delta compression using up to 8 threads.
Compressing objects:  33% (1/3)   Compressing objects:  66% (2/3)   Compressing objects: 100% (3/3)   Compressing objects: 100% (3/3), done.
Writing objects:  33% (1/3)   Writing objects:  66% (2/3)   Writing objects: 100% (3/3)   Writing objects: 100% (3/3), 371 bytes | 371.00 KiB/s, done.
Total 3 (delta 1), reused 0 (delta 0)
remote: Resolving deltas:   0% (0/1)[Kremote: Resolving deltas: 100% (1/1)[Kremote: Resolving deltas: 100% (1/1), completed with 1 local object.[K
gitTo github.com:csci241-20s/lab-1-kassio-halsinger.git
   d819551..145ee64  master -> master
halsink@cf405-10:~/csci241/lab-1-kassio-halsinger$ git branch -d question3
Deleted branch question3 (was 145ee64).
halsink@cf405-10:~/csci241/lab-1-kassio-halsinger$ gradle build

Welcome to Gradle 6.1!

Here are the highlights of this release:
 - Dependency cache is relocatable
 - Configurable compilation order between Groovy, Java & Scala
 - New sample projects in Gradle's documentation

For more details see https://docs.gradle.org/6.1/release-notes.html

Starting a Gradle Daemon (subsequent builds will be faster)


[2A[1B[1m> Starting Daemon[m[17D[1B[1A> IDLE[0K[6D[1B[2A[1m<[0;1m-------------> 0% INITIALIZING [89ms][m[38D[1B[1m> Evaluating settings[m[21D[1B[2A[1m<[0;1m-------------> 0% INITIALIZING [189ms][m[39D[2B[2A[1m<[0;1m-------------> 0% INITIALIZING [289ms][m[39D[2B[2A[1m<[0;1m-------------> 0% INITIALIZING [389ms][m[39D[2B[2A[1m<[0;1m-------------> 0% INITIALIZING [489ms][m[39D[2B[2A[1m<[0;1m-------------> 0% INITIALIZING [589ms][m[39D[1B[1m> Evaluating settings > Compiling /home/halsink/csci241/lab-1-kassio-halsinger/settings.gradle into local compilation c[m[119D[1B[2A[1m<[0;1m-------------> 0% INITIALIZING [689ms][m[39D[2B[2A[1m<[0;1m-------------> 0% INITIALIZING [789ms][m[39D[2B[2A[1m<[0;1m-------------> 0% CONFIGURING [889ms][m[0K[38D[1B[1m> Loading projects[m[0K[18D[1B[2A[1m<[0;1m-------------> 0% CONFIGURING [989ms][m[38D[1B[1m> root project[m[0K[14D[1B[2A[1m<[0;1m-------------> 0% CONFIGURING [1s][m[0K[35D[2B[1A[1m> root project > Compiling /home/halsink/csci241/lab-1-kassio-halsinger/build.gradle into local compilation cache[m[113D[1B[1A[1m> root project[m[0K[14D[1B[2A[1m<[0;32;1m=============[0;39;1m> 100% CONFIGURING [1s][m[37D[1B> IDLE[0K[6D[1B[2A[1m<[0;1m-------------> 0% EXECUTING [1s][m[0K[33D[1B[1m> :compileJava[m[14D[1B[1A[1m> :compileJava > Resolve dependencies of :compileClasspath > guava-26.0-jre.pom[m[79D[1B[2A[1m<[0;1m-------------> 0% EXECUTING [2s][m[33D[2B[1A[1m> :compileJava > Resolve dependencies of :compileClasspath[m[0K[58D[1B


[4A[1m> :compileJava > Resolve dependencies of :compileClasspath > checker-qual-2.5.2.pom[m[83D[1B[1m> :compileJava > Resolve dependencies of :compileClasspath > animal-sniffer-annotations-1.14.pom[m[96D[1B[1m> :compileJava > Resolve dependencies of :compileClasspath > j2objc-annotations-1.1.pom[m[87D[1B[1m> :compileJava > Resolve dependencies of :compileClasspath > error_prone_annotations-2.1.3.pom[m[94D[1B[4A> IDLE[0K[6D[1B> IDLE[0K[6D[1B> IDLE[0K[6D[1B[1m> :compileJava > Resolve dependencies of :compileClasspath > mojo-parent-34.pom[m[0K[79D[1B[1A[1m> :compileJava > Resolve dependencies of :compileClasspath[m[0K[58D[1B[5A[1m<[0;1m-------------> 0% EXECUTING [3s][m[33D[4B[1m> :compileJava > Resolve files of :compileClasspath > guava-26.0-jre.jar > 126 KB/2.61 MB downloaded[m[100D[1B[1A[1m> :compileJava > Resolve files of :compileClasspath[m[0K[51D[1B[1A[1m> :compileJava[m[0K[14D[1B[5A[1m<[0;1m-------------> 0% EXECUTING [4s][m[33D[5B[5A[1m<[0;1m-------------> 0% EXECUTING [5s][m[33D[5B[5A[1m<[0;1m-------------> 0% EXECUTING [6s][m[33D[5B[5A[1m<[0;32;1m===[0;39;1m----------> 28% EXECUTING [6s][m[34D[4B[1m> :startScripts[m[15D[1B[5A[1m<[0;32;1m====[0;39;1m---------> 35% EXECUTING [7s][m[34D[4B[1m> :distTar[m[0K[10D[1B[5A[1m<[0;32;1m=====[0;39;1m--------> 42% EXECUTING [7s][m[34D[4B[1m> :distZip[m[10D[1B[5A[0K
[32;1mBUILD SUCCESSFUL[0;39m in 9s
5 actionable tasks: 5 executed
[2B[0K
[0K
[0K
[5A[1m<[0;1m-------------> 0% WAITING[m[26D[1B> IDLE[0K[6D[1B> IDLE[6D[1B> IDLE[6D[1B> IDLE[6D[1B[5A[2K[1B[2K[1B[2K[1B[2K[1B[2K[4A[0m[?12l[?25hhalsink@cf405-10:~/csci241/lab-1-kassio-halsinger$ g[Kgradle run

[1A[1m<[0;32;1m=============[0;39;1m> 100% CONFIGURING [60ms][m[39D[1B[1A[0K
[1m> Task :run[m
Hello, world!

[32;1mBUILD SUCCESSFUL[0;39m in 507ms
2 actionable tasks: 1 executed, 1 up-to-date
[0K
[1A[1m<[0;1m-------------> 0% WAITING[m[26D[1B[1A[2K[0m[?12l[?25hhalsink@cf405-10:~/csci241/lab-1-kassio-halsinger$ src[K[K[Kcd csci241/lab0[K-1-kassio-halsinger
bash: cd: csci241/lab-1-kassio-halsinger: No such file or directory
halsink@cf405-10:~/csci241/lab-1-kassio-halsinger$ ls
build  build.gradle  gradle  lab-1-kassio-halsinger  settings.gradle  src  typescript  username.txt  writeup.txt
halsink@cf405-10:~/csci241/lab-1-kassio-halsinger$ cd ~[K[K[K[Klscd csci241/lab-1-kassio-halsingergradle run[Kbuild[2Pruncd csci241/lab-1-kassio-halsinger~ csci241/lab-1-kassio-halsinger[1P csci241/lab-1-kassio-halsinger[C~csci241/lab-1-kassio-halsinger/csci241/lab-1-kassio-halsinger[C[C[C[C[C[C[C[C[C[C[C[C[C[C[C[C[C[C[C[C[C[C[C[C[C[C[C[C[C[C/src/main/java/ja[K[Klab1
halsink@cf405-10:~/csci241/lab-1-kassio-halsinger/src/main/java/lab1$ nano Hello.java
[?1049h[22;0;0t[1;30r(B[m[4l[?7h[39;49m[?1h=[?1h=[?1h=[?25l[39;49m(B[m[H[2J[28;53H(B[0;7m[ Reading File ](B[m[28;59H(B[0;7m 7 lines ](B[m[H(B[0;7m  GNU nano 2.9.3                                          Hello.java                                                    [1;119H(B[m[29d(B[0;7m^G(B[m Get Help    (B[0;7m^O(B[m Write Out   (B[0;7m^W(B[m Where Is    (B[0;7m^K(B[m Cut Text    (B[0;7m^J(B[m Justify     (B[0;7m^C(B[m Cur Pos     (B[0;7mM-U(B[m Undo[106G(B[0;7mM-A(B[m Mark Text[30d(B[0;7m^X(B[m Exit[30;16H(B[0;7m^R(B[m Read File   (B[0;7m^\(B[m Replace     (B[0;7m^U(B[m Uncut Text  (B[0;7m^T(B[m To Spell    (B[0;7m^_(B[m Go To Line  (B[0;7mM-E(B[m Redo[106G(B[0;7mM-6(B[m Copy Text[28d[3d[39;49m[36mpackage[39m(B[m lab1;[5d[36mpublic[39m(B[m [36mclass[39m(B[m Hello {[6;3H[36mpublic[39m(B[m [36mstatic[39m(B[m [32mvoid[39m(B[m main(String[] args) {[7;5HSystem.out.println([31m"Hello, world!"[39m(B[m);[8;3H}[9d}[3d[?12l[?25h[?25l[4d[?12l[?25h[?25l[5d[?12l[?25h[?25l[6d[?12l[?25h[?25l [?12l[?25h[?25l[7d[?12l[?25h[?25l[8d[?12l[?25h[?25l [?12l[?25h[?25l[A[?12l[?25h[?25l [?12l[?25h[?25l [?12l[?25h[?25l[A[?12l[?25h[?25l[7d[?12l[?25h[?25l[1;111H(B[0;7mModified(B[m[7;27r[7;1HM[1;30r[7;1H[42m    [8d[49m(B[m[4P[?12l[?25h[?25l System.out.println([31m"Hello, world!"[39m(B[m); [?12l[?25h[?25l  System.out.println([31m"Hello, world!"[39m(B[m);  [?12l[?25h[?25l   System.out.println([31m"Hello, world!"[39m(B[m);   [?12l[?25h[?25l    System.out.println([31m"Hello, world!"[39m(B[m);[5G[?12l[?25h[?25l     System.out.println([31m"Hello, world!"[39m(B[m);[6G[?12l[?25h[?25l[A[?12l[?25h[?25l    f[?12l[?25h[?25lo[?12l[?25h[?25l[31mfor[39m(B[m[?12l[?25h[?25l[42m [49m(B[m[?12l[?25h[?25l ([?12l[?25h[?25la[?12l[?25h[?25lr[28d[K[7;12H[?12l[?25h[?25lg[?12l[?25h[?25ls[?12l[?25h[?25l[42m [49m(B[m[?12l[?25h[?25l :[?12l[?25h[?25l[42m [49m(B[m[?12l[?25h[?25l [?12l[?25h[?25l[42m [49m(B[m[K[?12l[?25h[?25l [?12l[?25h[?25l:[?12l[?25h[?25l[42m [49m(B[m[?12l[?25h[?25l [?12l[?25h[?25l [?12l[?25h[?25l [?12l[?25h[?25l [?12l[?25h[?25l [?12l[?25h[?25l [?12l[?25h[?25lS[?12l[?25h[?25lt[?12l[?25h[?25lr[?12l[?25h[?25li[?12l[?25h[?25ln[?12l[?25h[?25lg[?12l[?25h[?25l[42m [49m(B[m[?12l[?25h[?25l a[?12l[?25h[?25lr[?12l[?25h[?25lg[?12l[?25h[?25l:[?12l[?25h[?25l[42m [49m(B[m[?12l[?25h[?25l s[?12l[?25h[?25l[42m [49m(B[m[K[?12l[?25h[?25l a[?12l[?25h[?25lr[?12l[?25h[?25lg[?12l[?25h[?25lh[?12l[?25h[?25l [?12l[?25h[?25l [?12l[?25h[?25lg[?12l[?25h[?25ls[?12l[?25h[?25l)[?12l[?25h[?25l[42m [49m(B[m[?12l[?25h[?25l {[?12l[?25h[?25l7[8;28r8[8dM[1;30r[8;1H[?12l[?25h[?25l[8;28r[28;1H
[1;30r[7;29H[?12l[?25h[?25l[8d[?12l[?25h[?25l[?12l[?25h[?25l[?12l[?25h[?25l[?12l[?25h[?25l[?12l[?25h[?25l[?12l[?25h[?25l[?12l[?25h[?25l[?12l[?25h[?25l[?12l[?25h[?25l[?12l[?25h[?25l[?12l[?25h[?25l[?12l[?25h[?25l[?12l[?25h[?25l[?12l[?25h[?25l[?12l[?25h[?25l[?12l[?25h[?25l[?12l[?25h[?25l[?12l[?25h[?25l[?12l[?25h[?25l[?12l[?25h[?25l[?12l[?25h[?25l[?12l[?25h[?25l[?12l[?25h[?25l[?12l[?25h[?25l[?12l[?25h[?25l [?12l[?25h[?25l[1P    [?12l[?25h[?25l     System.out.println([31m"Hello, world!"[39m(B[m);[6G[?12l[?25h[?25l      System.out.println([31m"Hello, world!"[39m(B[m);[7G[?12l[?25h[?25lS[?12l[?25h[?25ly[?12l[?25h[?25ls[?12l[?25h[?25lt[?12l[?25h[?25le[?12l[?25h[?25lm[?12l[?25h[?25l.[?12l[?25h[?25lo[?12l[?25h[?25lu[?12l[?25h[?25lt[?12l[?25h[?25l.[?12l[?25h[?25lp[?12l[?25h[?25lr[?12l[?25h[?25li[?12l[?25h[?25ln[?12l[?25h[?25lt[?12l[?25h[?25ll[?12l[?25h[?25ln[?12l[?25h[?25l([?12l[?25h[?25l[C[?12l[?25h[?25l[C[?12l[?25h[?25l[C[?12l[?25h[?25l[C[?12l[?25h[?25l[C[?12l[?25h[?25l[C[?12l[?25h[?25l[C[?12l[?25h[?25l[C[?12l[?25h[?25l[C[?12l[?25h[?25l[C[?12l[?25h[?25l[C[?12l[?25h[?25l[C[?12l[?25h[?25l[C[?12l[?25h[?25l[C[?12l[?25h[?25l[C[?12l[?25h[?25l)[?12l[?25h[?25l;[?12l[?25h[?25l[9d[?12l[?25h[?25l [?12l[?25h[?25l [?12l[?25h[?25l[?12l[?25h[?25l[?12l[?25h[?25l[8;43H[?12l[?25h[?25l7[9;28r8[9dM[1;30r[9;1H[?12l[?25h[?25l[42m [49m(B[m[?12l[?25h[?25l[42m [49m(B[m[?12l[?25h[?25l[42m [49m(B[m[?12l[?25h[?25l[42m [49m(B[m[?12l[?25h[?25l    }[?12l[?25h[?25l[A[?12l[?25h[?25l [?12l[?25h[?25lS[?12l[?25h[?25ly[?12l[?25h[?25ls[?12l[?25h[?25lt[?12l[?25h[?25le[?12l[?25h[?25lm[?12l[?25h[?25l.[?12l[?25h[?25lo[?12l[?25h[?25lu[?12l[?25h[?25lt[?12l[?25h[?25l.[?12l[?25h[?25lp[?12l[?25h[?25lr[?12l[?25h[?25li[?12l[?25h[?25ln[?12l[?25h[?25lt[?12l[?25h[?25ll[?12l[?25h[?25ln[?12l[?25h[?25l([?12l[?25h[?25l[C[?12l[?25h[?25l[C[?12l[?25h[?25l[C[?12l[?25h[?25l[C[?12l[?25h[?25l[C[?12l[?25h[?25l[C[?12l[?25h[?25l[C[?12l[?25h[?25l[C[?12l[?25h[?25l[C[?12l[?25h[?25l[C[?12l[?25h[?25l[9;6H[?12l[?25h[?25l[?12l[?25h[?25l[?12l[?25h[?25l [?12l[?25h[?25l[A[?12l[?25h[?25l [?12l[?25h[?25l [?12l[?25h[?25lS[?12l[?25h[?25ly[?12l[?25h[?25ls[?12l[?25h[?25lt[?12l[?25h[?25le[?12l[?25h[?25lm[?12l[?25h[?25l.[?12l[?25h[?25lo[?12l[?25h[?25lu[?12l[?25h[?25lt[?12l[?25h[?25l.[?12l[?25h[?25lp[?12l[?25h[?25lr[?12l[?25h[?25li[?12l[?25h[?25ln[?12l[?25h[?25lt[?12l[?25h[?25ll[?12l[?25h[?25ln[?12l[?25h[?25l([?12l[?25h[?25l[C[?12l[?25h[?25l[C[?12l[?25h[?25l[C[?12l[?25h[?25l[C[?12l[?25h[?25l[C[?12l[?25h[?25l[C[?12l[?25h[?25l[C[?12l[?25h[?25l[C[?12l[?25h[?25l[C[?12l[?25h[?25l[C[?12l[?25h[?25l[38G[?12l[?25h[?25l[C[?12l[?25h[?25l[C[?12l[?25h[?25l[?12l[?25h[?25l[C[?12l[?25h[?25l[31m"[39m(B[m);[K[?12l[?25h[?25l[C[?12l[?25h[?25l[8;26H"Hello, world);[K[?12l[?25h[?25l);[K[?12l[?25h[?25l);[K[?12l[?25h[?25l);[K[?12l[?25h[?25l);[K[?12l[?25h[?25l);[K[?12l[?25h[?25l);[K[?12l[?25h[?25l);[K[?12l[?25h[?25l);[K[?12l[?25h[?25ll);[K[?12l[?25h[?25l);[K[?12l[?25h[?25l);[K[?12l[?25h[?25l);[K[?12l[?25h[?25l);[K[?12l[?25h[?25la);[?12l[?25h[?25lr);[?12l[?25h[?25lg);[?12l[?25h[?25l[28d(B[0;7mSave modified buffer?  (Answering "No" will DISCARD changes.)                                                           [29;1H Y(B[m Yes[K[30d(B[0;7m N(B[m No  [30;16H (B[0;7m^C(B[m Cancel[K[28;63H[?12l[?25h[?25l[29d(B[0;7m^G(B[m Get Help[29;31H(B[0;7mM-D(B[m DOS Format[29;61H(B[0;7mM-A(B[m Append[29;91H(B[0;7mM-B(B[m Backup File[30d(B[0;7m^C(B[m Cancel[17G[14X[30;31H(B[0;7mM-M(B[m Mac Format[30;61H(B[0;7mM-P(B[m Prepend[30;91H(B[0;7m^T(B[m To Files[28d(B[0;7mFile Name to Write: Hello.java                               (B[m[28;31H[?12l[?25h[?25l[K[1;119H[1;111H(B[0;7m        (B[m[28;52H(B[0;7m[ Wrote 9 lines ](B[m[J[30;120H[?12l[?25h[30;1H[?1049l[23;0;0t[?1l>halsink@cf405-10:~/csci241/lab-1-kassio-halsinger/src/main/java/lab1$ nano Hello.javacd ~/csci241/lab-1-kassio-halsinger/src/main/java/llab1[K[K[K[K[A[C[C[C[C[C[C[C[C[C[C[C[C[C[C[C[C[C[C[C[C[C[C[C[C[C[C[C[C[C[C[C[C[C[C[C[C[C[C[C[C[C[C[C[C[C[C[C[C[C[C[C[C[C[C[C[C[C[C[C[C[C[C[C[C[C[C[C[C[C[C[C[C[C[C[C[C[C[C[C[C[C[C[C[C[C[C[C[C[C[C[C[C[C[C[C[C[C[C[C[C[C[C[C[C[C[C[C[C[C[C[C[C[C[C[C[C[C[C[C[K
[K[A[C[C[C[C[C[C[C[C[C[C[C[C[C[C[C[C[C[C[C[C[C[C[C[C[C[C[C[C[C[C[C[C[C[C[C[C[C[C[C[C[C[C[C[C[C[C[C[C[C[C[C[C[C[C[C[C[C[C[C[C[C[C[C[C[C[C[C[C[C[C[C[C[C[C[C[C[C[C[C[C[C[C[C[C[C[C[C[C[C[C[C[C[C[C[C[C[C[C[C[C[C[C[C[C[C[C[C[C[C[C[C[C[C[C[C[C[C[C[C[K[K[K[K[K[K[K[K[K[K[K[K[K[K
halsink@cf405-10:~/csci241/lab-1-kassio-halsinger$ gradle run --args="abc123"


[2A[1m<[0;1m-------------> 0% EXECUTING [60ms][m[35D[1B[1m> :compileJava > Resolve dependencies of :compileClasspath[m[58D[1B[2A[1m<[0;1m-------------> 0% EXECUTING [160ms][m[36D[1B[1m> :compileJava[m[0K[14D[1B[2A[0K
[1m> Task :run[m[0K
abc123

[32;1mBUILD SUCCESSFUL[0;39m in 576ms
2 actionable tasks: 2 executed
[0K
[0K
[2A[1m<[0;1m-------------> 0% WAITING[m[26D[1B[1m> :compileJava[m[14D[1B[2A[2K[1B[2K[1A[0m[?12l[?25hhalsink@cf405-10:~/csci241/lab-1-kassio-halsinger$ gradle run --args="abc123"cd ~/csci241/lab-1-kassio-halsinger[20Pnano Hello.javacd ~/csci241/lab-1-kassio-halsinger/src/main/java/lab1
halsink@cf405-10:~/csci241/lab-1-kassio-halsinger/src/main/java/lab1$ nano Hello.java
[?1049h[22;0;0t[1;30r(B[m[4l[?7h[39;49m[?1h=[?1h=[?1h=[?25l[39;49m(B[m[H[2J[28;53H(B[0;7m[ Reading File ](B[m[28;59H(B[0;7m 9 lines ](B[m[H(B[0;7m  GNU nano 2.9.3                                          Hello.java                                                    [1;119H(B[m[29d(B[0;7m^G(B[m Get Help    (B[0;7m^O(B[m Write Out   (B[0;7m^W(B[m Where Is    (B[0;7m^K(B[m Cut Text    (B[0;7m^J(B[m Justify     (B[0;7m^C(B[m Cur Pos     (B[0;7mM-U(B[m Undo[106G(B[0;7mM-A(B[m Mark Text[30d(B[0;7m^X(B[m Exit[30;16H(B[0;7m^R(B[m Read File   (B[0;7m^\(B[m Replace     (B[0;7m^U(B[m Uncut Text  (B[0;7m^T(B[m To Spell    (B[0;7m^_(B[m Go To Line  (B[0;7mM-E(B[m Redo[106G(B[0;7mM-6(B[m Copy Text[28d[3d[39;49m[36mpackage[39m(B[m lab1;[5d[36mpublic[39m(B[m [36mclass[39m(B[m Hello {[6;3H[36mpublic[39m(B[m [36mstatic[39m(B[m [32mvoid[39m(B[m main(String[] args) {[7;5H[31mfor[39m(B[m (String arg: args) {[8;7HSystem.out.println(arg);[9;5H}[10;3H}[11d}[3d[?12l[?25h[?25l[?12l[?25h[?25l[C[?12l[?25h[?25l[4d[?12l[?25h[?25l[5;2H[?12l[?25h[?25l[6d[?12l[?25h[?25l[7d[?12l[?25h[?25l [?12l[?25h[?25l [?12l[?25h[?25l[1;111H(B[0;7mModified(B[m[7;27r[7;1HM[1;30r[7;1H[42m   [8d[49m(B[m[3P[?12l[?25h[?25l  [31mfor[39m(B[m (String arg: args) { [?12l[?25h[?25l   [31mfor[39m(B[m (String arg: args) {  [?12l[?25h[?25l    [31mfor[39m(B[m (String arg: args) {   [?12l[?25h[?25l     [31mfor[39m(B[m (String arg: args) {[5G[?12l[?25h[?25lS [31mfor[39m(B[m (String arg: args) {[6G[?12l[?25h[?25l[1P[?12l[?25h[?25l[1P   [?12l[?25h[?25l[1P  [?12l[?25h[?25l[A[?12l[?25h[?25l[C[?12l[?25h[?25l[8d[?12l[?25h[?25l[?12l[?25h[?25l    [31mfor[39m(B[m (String arg: args) {   [?12l[?25h[?25l[A[?12l[?25h[?25l[42m [49m(B[m[?12l[?25h[?25l    S[?12l[?25h[?25ly[28d[K[7;7H[?12l[?25h[?25ls[?12l[?25h[?25lt[?12l[?25h[?25le[?12l[?25h[?25lm[?12l[?25h[?25l.[?12l[?25h[?25lo[?12l[?25h[?25lu[?12l[?25h[?25lt[?12l[?25h[?25l.[?12l[?25h[?25lp[?12l[?25h[?25lr[?12l[?25h[?25li[?12l[?25h[?25ln[?12l[?25h[?25lt[?12l[?25h[?25l([?12l[?25h[?25l"[?12l[?25h[?25lH[?12l[?25h[?25le[?12l[?25h[?25ll[?12l[?25h[?25ll[?12l[?25h[?25lo[?12l[?25h[?25l[22G[31m"Hello"[39m(B[m[?12l[?25h[?25l)[?12l[?25h[?25l;[?12l[?25h[?25l[28d(B[0;7mSave modified buffer?  (Answering "No" will DISCARD changes.)                                                           [29;1H Y(B[m Yes[K[30d(B[0;7m N(B[m No  [30;16H (B[0;7m^C(B[m Cancel[K[28;63H[?12l[?25h[?25l[29d(B[0;7m^G(B[m Get Help[29;31H(B[0;7mM-D(B[m DOS Format[29;61H(B[0;7mM-A(B[m Append[29;91H(B[0;7mM-B(B[m Backup File[30d(B[0;7m^C(B[m Cancel[17G[14X[30;31H(B[0;7mM-M(B[m Mac Format[30;61H(B[0;7mM-P(B[m Prepend[30;91H(B[0;7m^T(B[m To Files[28d(B[0;7mFile Name to Write: Hello.java                               (B[m[28;31H[?12l[?25h[?25l[K[1;119H[1;111H(B[0;7m        (B[m[28;52H(B[0;7m[ Wrote 10 lines ](B[m[J[30;120H[?12l[?25h[30;1H[?1049l[23;0;0t[?1l>halsink@cf405-10:~/csci241/lab-1-kassio-halsinger/src/main/java/lab1$ nano Hello.javacd ~/csci241/lab-1-kassio-halsinger/src/main/java/llab1[A[C[C[C[C[C[C[C[C[C[C[C[C[C[C[C[C[C[C[C[C[C[C[C[C[C[C[C[C[C[C[C[C[C[C[C[C[C[C[C[C[C[C[C[C[C[C[C[C[C[C[C[C[C[C[C[C[C[C[C[C[C[C[C[C[C[C[24Pgradle run --args="abc123"
[K[A[C[C[C[C[C[C[C[C[C[C[C[C[C[C[C[C[C[C[C[C[C[C[C[C[C[C[C[C[C[C[C[C[C[C[C[C[C[C[C[C[C[C[C[C[C[C[C[C[C[C[C[C[C[C[C[C[C[C[C[C[C[C[C[C[C[C[C[C[C[C[C[C[C[C[C[C[C[C[C[C[C[C[C[C[C[C[C[C[C[C[C[C[C[C[C[Ccd ~/csci241/lab-1-kassio-halsinger
halsink@cf405-10:~/csci241/lab-1-kassio-halsinger$ cd ~/csci241/lab-1-kassio-halsinger[20Pnano Hello.javacd ~/csci241/lab-1-kassio-halsinger/src/main/java/lab1[C[C[C[C[C[C[C[C[C[C[C[C[C[C[C[C[C[C[C[C[C[C[C[C[C[C[C[C[C[C[C[C[C[C[C[C[C[C[C[C[C[C[C[C[C[C[C[C[C[C[C[28Pgradle run --args="abc123"


[2A[1m<[0;1m-------------> 0% EXECUTING [61ms][m[35D[1B[1m> :compileJava[m[14D[1B[2A[1m<[0;32;1m=========[0;39;1m----> 75% EXECUTING [161ms][m[37D[1B[1m> :run[m[0K[6D[1B[2A[0K
[1m> Task :run[m
Helloabc123

[32;1mBUILD SUCCESSFUL[0;39m in 529ms
2 actionable tasks: 2 executed
[0K
[0K
[2A[1m<[0;1m-------------> 0% WAITING[m[26D[1B[1m> :run[m[6D[1B[2A[2K[1B[2K[1A[0m[?12l[?25hhalsink@cf405-10:~/csci241/lab-1-kassio-halsinger$ gradle run --args="abc123"cd ~/csci241/lab-1-kassio-halsinger[20Pnano Hello.javacd ~/csci241/lab-1-kassio-halsinger[20Pnano Hello.javacd ~/csci241/lab-1-kassio-halsinger/src/main/java/lab1
halsink@cf405-10:~/csci241/lab-1-kassio-halsinger/src/main/java/lab1$ cd ~/csci241/lab-1-kassio-halsinger/src/main/java/llab1[A[C[C[C[C[C[C[C[C[C[C[C[C[C[C[C[C[C[C[C[C[C[C[C[C[C[C[C[C[C[C[C[C[C[C[C[C[C[C[C[C[C[C[C[C[C[C[C[C[C[C[C[C[C[C[C[C[C[C[C[C[C[C[C[C[C[C[24Pgradle run --args="abc123"
[K[A[C[C[C[C[C[C[C[C[C[C[C[C[C[C[C[C[C[C[C[C[C[C[C[C[C[C[C[C[C[C[C[C[C[C[C[C[C[C[C[C[C[C[C[C[C[C[C[C[C[C[C[C[C[C[C[C[C[C[C[C[C[C[C[C[C[C[C[C[C[C[C[C[C[C[C[C[C[C[C[C[C[C[C[C[C[C[C[C[C[C[C[C[C[C[C[Ccd ~/csci241/lab-1-kassio-halsinger[20Pnano Hello.java
[?1049h[22;0;0t[1;30r(B[m[4l[?7h[39;49m[?1h=[?1h=[?1h=[?25l[39;49m(B[m[H[2J[28;53H(B[0;7m[ Reading File ](B[m[28;52H(B[0;7m[ Read 10 lines ](B[m[H(B[0;7m  GNU nano 2.9.3                                          Hello.java                                                    [1;119H(B[m[29d(B[0;7m^G(B[m Get Help    (B[0;7m^O(B[m Write Out   (B[0;7m^W(B[m Where Is    (B[0;7m^K(B[m Cut Text    (B[0;7m^J(B[m Justify     (B[0;7m^C(B[m Cur Pos     (B[0;7mM-U(B[m Undo[106G(B[0;7mM-A(B[m Mark Text[30d(B[0;7m^X(B[m Exit[30;16H(B[0;7m^R(B[m Read File   (B[0;7m^\(B[m Replace     (B[0;7m^U(B[m Uncut Text  (B[0;7m^T(B[m To Spell    (B[0;7m^_(B[m Go To Line  (B[0;7mM-E(B[m Redo[106G(B[0;7mM-6(B[m Copy Text[28d[3d[39;49m[36mpackage[39m(B[m lab1;[5d[36mpublic[39m(B[m [36mclass[39m(B[m Hello {[6;3H[36mpublic[39m(B[m [36mstatic[39m(B[m [32mvoid[39m(B[m main(String[] args) {[7;5HSystem.out.print([31m"Hello"[39m(B[m);[8;5H[31mfor[39m(B[m (String arg: args) {[9;7HSystem.out.println(arg);[10;5H}[11;3H}[12d}[3d[?12l[?25h[?25l[4d[?12l[?25h[?25l[5d[?12l[?25h[?25l[6d[?12l[?25h[?25l [?12l[?25h[?25l [?12l[?25h[?25l[C[?12l[?25h[?25l[C[?12l[?25h[?25l[C[?12l[?25h[?25l[C[?12l[?25h[?25l[C[?12l[?25h[?25l[C[?12l[?25h[?25l [?12l[?25h[?25l[C[?12l[?25h[?25l[C[?12l[?25h[?25l[C[?12l[?25h[?25l[C[?12l[?25h[?25l[C[?12l[?25h[?25l[C[?12l[?25h[?25l [?12l[?25h[?25l[C[?12l[?25h[?25l[C[?12l[?25h[?25l[C[?12l[?25h[?25l[C[?12l[?25h[?25l [?12l[?25h[?25lm[?12l[?25h[?25l[28d[K[7;23H[?12l[?25h[?25l[C[?12l[?25h[?25l[C[?12l[?25h[?25l[C[?12l[?25h[?25l[C[?12l[?25h[?25l[C[?12l[?25h[?25l[1;111H(B[0;7mModified(B[m[7;28H[31m,"[39m(B[m);[?12l[?25h[?25l[31m "[39m(B[m);[?12l[?25h[?25l[?12l[?25h[?25l[8d[?12l[?25h[?25l[9d[?12l[?25h[?25l+);[?12l[?25h[?25l");[?12l[?25h[?25l!);[?12l[?25h[?25l[31m"!"[39m(B[m);[?12l[?25h[?25l[11d[?12l[?25h[?25l[12d[?12l[?25h[?25l[13d[?12l[?25h[?25l[28d(B[0;7mSave modified buffer?  (Answering "No" will DISCARD changes.)                                                           [29;1H Y(B[m Yes[K[30d(B[0;7m N(B[m No  [30;16H (B[0;7m^C(B[m Cancel[K[28;63H[?12l[?25h[?25l[29d(B[0;7m^G(B[m Get Help[29;31H(B[0;7mM-D(B[m DOS Format[29;61H(B[0;7mM-A(B[m Append[29;91H(B[0;7mM-B(B[m Backup File[30d(B[0;7m^C(B[m Cancel[17G[14X[30;31H(B[0;7mM-M(B[m Mac Format[30;61H(B[0;7mM-P(B[m Prepend[30;91H(B[0;7m^T(B[m To Files[28d(B[0;7mFile Name to Write: Hello.java                               (B[m[28;31H[?12l[?25h[?25l[K[1;119H[1;111H(B[0;7m        (B[m[28;52H(B[0;7m[ Wrote 10 lines ](B[m[J[30;120H[?12l[?25h[30;1H[?1049l[23;0;0t[?1l>halsink@cf405-10:~/csci241/lab-1-kassio-halsinger/src/main/java/lab1$ nano Hello.javacd ~/csci241/lab-1-kassio-halsinger/src/main/java/llab1[A[C[C[C[C[C[C[C[C[C[C[C[C[C[C[C[C[C[C[C[C[C[C[C[C[C[C[C[C[C[C[C[C[C[C[C[C[C[C[C[C[C[C[C[C[C[C[C[C[C[C[C[C[C[C[C[C[C[C[C[C[C[C[C[C[C[C[24Pgradle run --args="abc123"
[K[A[C[C[C[C[C[C[C[C[C[C[C[C[C[C[C[C[C[C[C[C[C[C[C[C[C[C[C[C[C[C[C[C[C[C[C[C[C[C[C[C[C[C[C[C[C[C[C[C[C[C[C[C[C[C[C[C[C[C[C[C[C[C[C[C[C[C[C[C[C[C[C[C[C[C[C[C[C[C[C[C[C[C[C[C[C[C[C[C[C[C[C[C[C[C[C[Ccd ~/csci241/lab-1-kassio-halsinger
halsink@cf405-10:~/